[bitplex-global.co/index.html]
[backblue.gif]
[fade.gif]
[index.html]
[translate.google.com/translate_a/elementa0d8.js]
[bitplex-global.co/css/bootstrap.css]
[bitplex-global.co/css/responsive.css]
[bitplex-global.co/css/style.css]
[bitplex-global.co/css/color-switcher-design.css]
[bitplex-global.co/images/Avon.png1]
[bitplex-global.co/images/background/pattern-0.png]
[bitplex-global.co/indexbc14.html]
[bitplex-global.co/indexd233.html]
[bitplex-global.co/indexf26f.html]
[bitplex-global.co/images/home-banner-bg.jpg]
[bitplex-global.co/index914b.html]
[bitplex-global.co/index15a0.html]
[bitplex-global.co/indexc30b.html]
[bitplex-global.co/images/b.jpg]
[bitplex-global.co/indexcca3.html]
[s3.tradingview.com/external-embedding/embed-widget-ticker-tape.js]
[bitplex-global.co/images/bg5.png]
[bitplex-global.co/images/resource/image-2.jpg]
[bitplex-global.co/images/background/pattern-7.png]
[bitplex-global.co/images/background/pattern-8.png]
[bitplex-global.co/images/resource/feature-1.jpg]
[bitplex-global.co/images/background/1.jpg]
[bitplex-global.co/images/geotrust.png]
[bitplex-global.co/images/trustguard.png]
[bitplex-global.co/images/norton.png]
[bitplex-global.co/images/mcafee.png]
[www.smartsuppchat.com/loaderd41d.js]
[bitplex-global.co/images/background/10.jpg]
[bitplex-global.co/js/jquery.js]
[bitplex-global.co/index52c3.html]
[bitplex-global.co/indexa972.html]
[bitplex-global.co/js/popper.min.js]
[bitplex-global.co/index97dc.html]
[bitplex-global.co/index38cd.html]
[bitplex-global.co/js/bootstrap.min.js]
[bitplex-global.co/index50e8.html]
[bitplex-global.co/js/jquery.mCustomScrollbar.concat.min.js]
[bitplex-global.co/index5015.html]
[bitplex-global.co/index21d1.html]
[bitplex-global.co/index3665.html]
[bitplex-global.co/js/jquery.fancybox.js]
[bitplex-global.co/js/appear.js]
[bitplex-global.co/js/nav-tool.js]
[bitplex-global.co/js/mixitup.js]
[bitplex-global.co/js/owl.js]
[bitplex-global.co/js/wow.js]
[bitplex-global.co/js/script.js]
[bitplex-global.co/js/color-settings.js]
[bitplex-global.co/index.html]
[bitplex-global.co/css/bootstrap.css]
[bitplex-global.co/js/jquery-ui.js]
[bitplex-global.co/css/font-awesome.css]
[bitplex-global.co/css/flaticon.css]
[bitplex-global.co/css/animate.css]
[bitplex-global.co/css/owl.css]
[bitplex-global.co/css/jquery-ui.css]
[bitplex-global.co/css/custom-animate.css]
[bitplex-global.co/css/jquery.fancybox.min.css]
[bitplex-global.co/css/jquery.bootstrap-touchspin.css]
[bitplex-global.co/css/jquery.mCustomScrollbar.min.css]
[bitplex-global.co/images/icons/preloader.svg]
[bitplex-global.co/images/icons/waves-shape.png]
[bitplex-global.co/images/background/pattern-2.png]
[bitplex-global.co/images/background/4.jpg]
[bitplex-global.co/images/background/pattern-4.jpg]
[bitplex-global.co/images/main-slider/pattern-1.jpg]
[bitplex-global.co/images/background/pattern-9.png]
[bitplex-global.co/images/background/pattern-10.jpg]
[bitplex-global.co/images/background/pattern-11.png]
[bitplex-global.co/images/background/pattern-13.jpg]
[bitplex-global.co/css/style.css]
[bitplex-global.co/css/responsive.css]
[bitplex-global.co/images/icons/tick.png]
[bitplex-global.co/css/color-switcher-design.css]
[bitplex-global.co/indexbc14.html]
[bitplex-global.co/images/background/11.jpg]
[bitplex-global.co/images/resource/introduction.jpg]
[bitplex-global.co/indexd233.html]
[bitplex-global.co/img/trader_tools_banner.jpg]
[bitplex-global.co/indexf26f.html]
[bitplex-global.co/index914b.html]
[bitplex-global.co/index15a0.html]
[bitplex-global.co/img/favicon.png]
[bitplex-global.co/as/css/bootstrap.min.css]
[bitplex-global.co/as/css/cube-portfolio.min.css]
[bitplex-global.co/as/css/slicknav.min.css]
[bitplex-global.co/as/css/maginific-popup.min.css]
[bitplex-global.co/as/css/jquery.fancybox.css]
[bitplex-global.co/as/css/animate.min.css]
[bitplex-global.co/as/css/animate-text.css]
[bitplex-global.co/as/css/font-awesome.min.css]
[bitplex-global.co/as/css/owl.carousel.min.css]
[bitplex-global.co/as/css/reset.css]
[bitplex-global.co/style.css]
[bitplex-global.co/as/css/responsive.css]
[bitplex-global.co/main.css]
[bitplex-global.co/images/Avon.png]
[bitplex-global.co/index8083.html]
[bitplex-global.co/as/img/footer-bg.jpg]
[bitplex-global.co/as/js/jquery.min.js]
[bitplex-global.co/as/js/popper.min.js]
[bitplex-global.co/as/js/bootstrap.min.js]
[bitplex-global.co/as/js/theme-option.js]
[bitplex-global.co/as/js/waypoints.min.js]
[bitplex-global.co/as/js/jquery.counterup.min.js]
[bitplex-global.co/as/js/modernizer.min.js]
[bitplex-global.co/as/js/magnific-popup.min.js]
[bitplex-global.co/as/js/cube-portfolio.min.js]
[bitplex-global.co/as/js/owl.carousel.min.js]
[bitplex-global.co/as/js/wow.min.js]
[bitplex-global.co/as/js/jquery-fancybox.min.js]
[bitplex-global.co/as/js/jquery.slicknav.min.js]
[bitplex-global.co/as/js/steller.min.js]
[bitplex-global.co/as/js/easing.min.js]
[bitplex-global.co/as/js/jquery.scrollUp.min.js]
[bitplex-global.co/as/js/main.js]
[bitplex-global.co/indexc30b.html]
[bitplex-global.co/indexcca3.html]
[bitplex-global.co/ABEXTRADE.html]
[bitplex-global.co/services-single.html]
[bitplex-global.co/“https_/www.smartsupp.html]
[bitplex-global.co/index52c3.html]
[bitplex-global.co/index38cd.html]
[bitplex-global.co/indexa972.html]
[bitplex-global.co/img/111-nm-person-looking-at-graphs-on-computer-tease-170601.jpg]
[bitplex-global.co/index97dc.html]
[bitplex-global.co/img/what-is-an-investment-portfolio.jpg]
[bitplex-global.co/img/wvNAb3.jpg]
[bitplex-global.co/index50e8.html]
[bitplex-global.co/index5015.html]
[bitplex-global.co/img/image2_2.jpg]
[bitplex-global.co/index21d1.html]
[bitplex-global.co/img/happy-family.jpg]
[bitplex-global.co/index3665.html]
[bitplex-global.co/fonts/fontawesome-webfonte0a5e0a5.eot]
[bitplex-global.co/fonts/fontawesome-webfontd41dd41d.eot]
[bitplex-global.co/fonts/fontawesome-webfonte0a5e0a5.woff2]
[bitplex-global.co/fonts/fontawesome-webfonte0a5e0a5.woff]
[bitplex-global.co/fonts/fontawesome-webfonte0a5e0a5.ttf]
[bitplex-global.co/css/font-awesome.css]
[bitplex-global.co/fonts/flaticon.eot]
[bitplex-global.co/fonts/fontawesome-webfonte0a5e0a5.svg]
[bitplex-global.co/fonts/flaticond41dd41d.eot]
[bitplex-global.co/fonts/flaticon.woff]
[bitplex-global.co/fonts/flaticon.ttf]
[bitplex-global.co/css/flaticon.css]
[bitplex-global.co/css/animate.css]
[bitplex-global.co/css/owl.video.play.html]
[bitplex-global.co/fonts/flaticon.svg]
[bitplex-global.co/images/cross-out.png]
[bitplex-global.co/css/owl.css]
[bitplex-global.co/css/images/ui-icons_444444_256x240.png]
[bitplex-global.co/css/images/ui-icons_777620_256x240.html]
[bitplex-global.co/css/images/ui-icons_cc0000_256x240.html]
[bitplex-global.co/css/images/ui-icons_777777_256x240.html]
[bitplex-global.co/css/jquery-ui.css]
[bitplex-global.co/css/custom-animate.css]
[bitplex-global.co/css/jquery.fancybox.min.css]
[bitplex-global.co/css/jquery.bootstrap-touchspin.css]
[bitplex-global.co/css/mCSB_buttons.html]
[bitplex-global.co/css/jquery.mCustomScrollbar.min.css]
[bitplex-global.co/images/icons/preloader.svg]
[bitplex-global.co/as/css/bootstrap.min.css]
[bitplex-global.co/as/img/cbp-sprite.html]
[bitplex-global.co/as/css/cube-portfolio.min.css]
[bitplex-global.co/as/css/slicknav.min.css]
[bitplex-global.co/as/css/maginific-popup.min.css]
[bitplex-global.co/as/css/jquery.fancybox.css]
[bitplex-global.co/as/css/animate.min.css]
[bitplex-global.co/as/css/animate-text.css]
[bitplex-global.co/as/fonts/fontawesome-webfont3e6e3e6e.eot@v=4.7.0]
[bitplex-global.co/as/fonts/fontawesome-webfontd41dd41d.eot@]
[bitplex-global.co/as/fonts/fontawesome-webfont3e6e3e6e.woff2@v=4.7.0]
[bitplex-global.co/as/fonts/fontawesome-webfont3e6e3e6e.woff@v=4.7.0]
[bitplex-global.co/as/fonts/fontawesome-webfont3e6e3e6e.ttf@v=4.7.0]
[bitplex-global.co/as/fonts/fontawesome-webfont3e6e3e6e.svg@v=4.7.0]
[bitplex-global.co/as/css/font-awesome.min.css]
[bitplex-global.co/as/css/owl.video.play.html]
[bitplex-global.co/as/css/owl.carousel.min.css]
[bitplex-global.co/as/css/reset.css]
[bitplex-global.co/style.css]
[bitplex-global.co/as/css/responsive.css]
[bitplex-global.co/main.css]
[bitplex-global.co/index8083.html]
[bitplex-global.co/index.html@a=signup.html]
[bitplex-global.co/index.html@a=forgot_password.html]
[bitplex-global.co/fonts/fontawesome-webfonte0a5e0a5.svg]
[bitplex-global.co/fonts/flaticon.svg]
[bitplex-global.co/css/owl.video.play.html]
[bitplex-global.co/css/images/ui-icons_777620_256x240.html]
[bitplex-global.co/css/images/ui-icons_cc0000_256x240.html]
[bitplex-global.co/css/images/ui-icons_777777_256x240.html]
[bitplex-global.co/css/mCSB_buttons.html]
[bitplex-global.co/as/img/cbp-sprite.html]
[bitplex-global.co/as/css/owl.video.play.html]
[bitplex-global.co/www.google-analytics.com/analytics.html]
[bitplex-global.co/externalda8fda8f.html]
[bitplex-global.co/widget-v4.tidiochat.com/1_41_0/static/js/render.a478aa31d5aa269539da.html]
[mapleinvestments.net/calc/calculator.js]
[mapleinvestments.net/calc/jquery-1.11.3.min.js]
[mapleinvestments.net/images/icon-dol.png]
[mapleinvestments.net/images/icon-dol2.png]
[mapleinvestments.net/sitebland.com/wp-includes/css/dist/block-library/style.min.css]
[mapleinvestments.net/sitebland.com/wp-content/themes/olam/edd_templates/edd.css]
[mapleinvestments.net/sitebland.com/wp-content/themes/olam/css/normalize.min.css]
[mapleinvestments.net/sitebland.com/wp-content/themes/olam/css/bootstrap.css]
[mapleinvestments.net/sitebland.com/wp-content/themes/olam/css/style.css]
[mapleinvestments.net/sitebland.com/wp-content/themes/olam/css/owl.carousel.css]
[mapleinvestments.net/sitebland.com/wp-content/themes/olam/css/woocommerce-style.css]
[mapleinvestments.net/sitebland.com/wp-content/themes/olam/css/woocommerce.css]
[mapleinvestments.net/sitebland.com/wp-content/plugins/unyson/framework/extensions/builder/static/css/frontend-grid.css]
[mapleinvestments.net/sitebland.com/wp-content/plugins/unyson/framework/extensions/forms/static/css/frontend.css]
[mapleinvestments.net/sitebland.com/wp-content/plugins/unyson/framework/static/libs/font-awesome/css/font-awesome.min.css]
[mapleinvestments.net/sitebland.com/wp-includes/js/jquery/jquery.js]
[mapleinvestments.net/sitebland.com/wp-content/plugins/enable-jquery-migrate-helper/js/jquery-migrate-1.4.1-wp.js]
[mapleinvestments.net/sitebland.com/wp-content/themes/olam/js/olam-register-login.js]
[mapleinvestments.net/sitebland.com/wp-content/themes/olam/js/vendor/modernizr-2.8.3-respond-1.4.2.min.js]
[mapleinvestments.net/sitebland.com/wp-content/uploads/2020/08/logo.png]
[mapleinvestments.net/sitebland.com/wp-content/themes/olam/img/reload.gif]
[mapleinvestments.net/sitebland.com/wp-content/plugins/easy-digital-downloads/assets/js/edd-ajax.min.js]
[mapleinvestments.net/sitebland.com/wp-content/themes/olam/js/jquery.easypiechart.min.js]
[mapleinvestments.net/sitebland.com/wp-content/themes/olam/js/bootstrap.min.js]
[mapleinvestments.net/sitebland.com/wp-content/themes/olam/js/sly.min.js]
[mapleinvestments.net/sitebland.com/wp-content/themes/olam/js/owl.carousel.min.js]
[mapleinvestments.net/sitebland.com/wp-content/themes/olam/js/appear.js]
[mapleinvestments.net/sitebland.com/wp-content/themes/olam/js/easing.js]
[mapleinvestments.net/sitebland.com/wp-content/themes/olam/js/jquery.parallax-1.1.3.js]
[mapleinvestments.net/sitebland.com/wp-content/themes/olam/js/olam-main.js]
[mapleinvestments.net/sitebland.com/wp-includes/js/wp-embed.min.js]
